ERROR: Could not resolve module RegExpFlags (/Users/hvitved/Work/semmle-code/ql/ruby/ql/lib/codeql/ruby/security/BadTagFilterQuery.qll:281,7-18)
ERROR: Could not resolve type RegExpConstant (/Users/hvitved/Work/semmle-code/ql/ruby/ql/lib/codeql/ruby/security/BadTagFilterQuery.qll:183,11-25)
ERROR: Could not resolve type RegExpGroup (/Users/hvitved/Work/semmle-code/ql/ruby/ql/lib/codeql/ruby/security/BadTagFilterQuery.qll:174,12-23)
ERROR: Could not resolve type RegExpWordBoundary (/Users/hvitved/Work/semmle-code/ql/ruby/ql/lib/codeql/ruby/security/BadTagFilterQuery.qll:100,31-49)
