ERROR: Could not resolve type RegExpDollar (/Users/hvitved/Work/semmle-code/ql/ruby/ql/lib/codeql/ruby/security/performance/SuperlinearBackTracking.qll:397,23-35)
ERROR: Could not resolve type RegExpTerm (/Users/hvitved/Work/semmle-code/ql/ruby/ql/lib/codeql/ruby/security/performance/PolynomialReDoSCustomizations.qll:26,14-24)
ERROR: Could not resolve type RegExpTerm (/Users/hvitved/Work/semmle-code/ql/ruby/ql/lib/codeql/ruby/security/performance/PolynomialReDoSCustomizations.qll:51,3-13)
ERROR: Could not resolve type RegExpTerm (/Users/hvitved/Work/semmle-code/ql/ruby/ql/lib/codeql/ruby/security/performance/PolynomialReDoSCustomizations.qll:107,14-24)
ERROR: PolynomialBackTrackingTerm is incompatible with RegExpTerm (/Users/hvitved/Work/semmle-code/ql/ruby/ql/src/queries/security/cwe-1333/PolynomialReDoS.ql:27,10-11)
ERROR: RegExpTerm is incompatible with PolynomialBackTrackingTerm (/Users/hvitved/Work/semmle-code/ql/ruby/ql/lib/codeql/ruby/security/performance/PolynomialReDoSCustomizations.qll:107,46-47)
ERROR: RegExpTerm is incompatible with RegExpTerm (/Users/hvitved/Work/semmle-code/ql/ruby/ql/lib/codeql/ruby/security/performance/PolynomialReDoSCustomizations.qll:68,28-29)
ERROR: The class InfiniteRepetitionQuantifier, which was brought into scope by this import, conflicts with existing declarations: class InfiniteRepetitionQuantifier from ReDoSUtil.qll:384 (/Users/hvitved/Work/semmle-code/ql/ruby/ql/lib/codeql/ruby/security/performance/PolynomialReDoSCustomizations.qll:12,1-63)
ERROR: The class InfiniteRepetitionQuantifier, which was brought into scope by this import, conflicts with existing declarations: class InfiniteRepetitionQuantifier from RegExpTreeView.qll:266 (/Users/hvitved/Work/semmle-code/ql/ruby/ql/lib/codeql/ruby/security/performance/PolynomialReDoSCustomizations.qll:13,1-72)
ERROR: The class RegExpAlt, which was brought into scope by this import, conflicts with existing declarations: class RegExpAlt from ReDoSUtil.qll:311 (/Users/hvitved/Work/semmle-code/ql/ruby/ql/lib/codeql/ruby/security/performance/PolynomialReDoSCustomizations.qll:12,1-63)
ERROR: The class RegExpAlt, which was brought into scope by this import, conflicts with existing declarations: class RegExpAlt from RegExpTreeView.qll:363 (/Users/hvitved/Work/semmle-code/ql/ruby/ql/lib/codeql/ruby/security/performance/PolynomialReDoSCustomizations.qll:13,1-72)
ERROR: The class RegExpTerm, which was brought into scope by this import, conflicts with existing declarations: class RegExpTerm from ReDoSUtil.qll:254 (/Users/hvitved/Work/semmle-code/ql/ruby/ql/lib/codeql/ruby/security/performance/PolynomialReDoSCustomizations.qll:12,1-63)
ERROR: The class RegExpTerm, which was brought into scope by this import, conflicts with existing declarations: class RegExpTerm from RegExpTreeView.qll:105 (/Users/hvitved/Work/semmle-code/ql/ruby/ql/lib/codeql/ruby/security/performance/PolynomialReDoSCustomizations.qll:13,1-72)
ERROR: The type TRegExpBackRef, which was brought into scope by this import, conflicts with existing declarations: type TRegExpBackRef from ReDoSUtil.qll:252 (/Users/hvitved/Work/semmle-code/ql/ruby/ql/lib/codeql/ruby/security/performance/PolynomialReDoSCustomizations.qll:12,1-63)
ERROR: The type TRegExpBackRef, which was brought into scope by this import, conflicts with existing declarations: type TRegExpBackRef from RegExpTreeView.qll:237 (/Users/hvitved/Work/semmle-code/ql/ruby/ql/lib/codeql/ruby/security/performance/PolynomialReDoSCustomizations.qll:13,1-72)
ERROR: The type TRegExpGroup, which was brought into scope by this import, conflicts with existing declarations: type TRegExpGroup from ReDoSUtil.qll:250 (/Users/hvitved/Work/semmle-code/ql/ruby/ql/lib/codeql/ruby/security/performance/PolynomialReDoSCustomizations.qll:12,1-63)
ERROR: The type TRegExpGroup, which was brought into scope by this import, conflicts with existing declarations: type TRegExpGroup from RegExpTreeView.qll:229 (/Users/hvitved/Work/semmle-code/ql/ruby/ql/lib/codeql/ruby/security/performance/PolynomialReDoSCustomizations.qll:13,1-72)
ERROR: getSuccessor() cannot be resolved for type PolynomialBackTrackingTerm (/Users/hvitved/Work/semmle-code/ql/ruby/ql/lib/codeql/ruby/security/performance/SuperlinearBackTracking.qll:396,35-47)
