mod
| lib.rs:1:1:1:7 | mod my |
| main.rs:1:1:1:7 | mod my |
| main.rs:7:1:7:8 | mod my2 |
| main.rs:13:1:29:1 | mod m1 |
| main.rs:18:5:28:5 | mod m2 |
| my2/mod.rs:1:1:1:16 | mod nested2 |
| my2/nested2.rs:1:1:11:1 | mod nested3 |
| my2/nested2.rs:2:5:10:5 | mod nested4 |
| my.rs:1:1:1:15 | mod nested |
| my/nested.rs:1:1:17:1 | mod nested1 |
| my/nested.rs:2:5:11:5 | mod nested2 |
resolveItem
| main.rs:3:5:3:6 | my | main.rs:1:1:1:7 | mod my |
| main.rs:5:5:5:6 | my | main.rs:1:1:1:7 | mod my |
| main.rs:5:5:5:14 | ...::nested | my.rs:1:1:1:15 | mod nested |
| main.rs:9:5:9:7 | my2 | main.rs:7:1:7:8 | mod my2 |
| main.rs:11:5:11:7 | my2 | main.rs:7:1:7:8 | mod my2 |
| main.rs:11:5:11:16 | ...::nested2 | my2/mod.rs:1:1:1:16 | mod nested2 |
| main.rs:11:5:11:25 | ...::nested3 | my2/nested2.rs:1:1:11:1 | mod nested3 |
| main.rs:11:5:11:34 | ...::nested4 | my2/nested2.rs:2:5:10:5 | mod nested4 |
| main.rs:25:13:25:13 | f | main.rs:19:9:21:9 | fn f |
| main.rs:25:13:25:13 | f | my.rs:5:1:7:1 | fn f |
| main.rs:26:13:26:17 | super | main.rs:13:1:29:1 | mod m1 |
| main.rs:26:13:26:20 | ...::f | main.rs:14:5:16:5 | fn f |
| main.rs:41:17:41:19 | Foo | main.rs:31:1:31:13 | struct Foo |
| main.rs:41:17:41:19 | Foo | main.rs:39:9:39:21 | struct Foo |
| main.rs:44:13:44:15 | Foo | main.rs:31:1:31:13 | struct Foo |
| main.rs:44:13:44:15 | Foo | main.rs:36:5:36:17 | struct Foo |
| main.rs:46:5:46:5 | f | main.rs:38:5:42:5 | fn f |
| main.rs:46:5:46:5 | f | my.rs:5:1:7:1 | fn f |
| main.rs:50:13:50:15 | Foo | main.rs:31:1:31:13 | struct Foo |
| main.rs:54:5:54:6 | my | main.rs:1:1:1:7 | mod my |
| main.rs:54:5:54:14 | ...::nested | my.rs:1:1:1:15 | mod nested |
| main.rs:55:5:55:6 | my | main.rs:1:1:1:7 | mod my |
| main.rs:55:5:55:9 | ...::f | my.rs:5:1:7:1 | fn f |
| main.rs:56:5:56:11 | nested2 | my2/mod.rs:1:1:1:16 | mod nested2 |
| main.rs:56:5:56:20 | ...::nested3 | my2/nested2.rs:1:1:11:1 | mod nested3 |
| main.rs:56:5:56:29 | ...::nested4 | my2/nested2.rs:2:5:10:5 | mod nested4 |
| main.rs:56:5:56:32 | ...::f | my2/nested2.rs:3:9:5:9 | fn f |
| main.rs:57:5:57:5 | f | my.rs:5:1:7:1 | fn f |
| main.rs:59:5:59:5 | h | main.rs:33:1:47:1 | fn h |
| main.rs:59:5:59:5 | h | my.rs:9:1:12:1 | fn h |
| main.rs:60:5:60:6 | m1 | main.rs:13:1:29:1 | mod m1 |
| main.rs:60:5:60:10 | ...::m2 | main.rs:18:5:28:5 | mod m2 |
| main.rs:60:5:60:13 | ...::g | main.rs:23:9:27:9 | fn g |
| main.rs:61:5:61:5 | h | main.rs:33:1:47:1 | fn h |
| main.rs:61:5:61:5 | h | my.rs:9:1:12:1 | fn h |
| my2/mod.rs:5:5:5:11 | nested2 | my2/mod.rs:1:1:1:16 | mod nested2 |
| my2/mod.rs:5:5:5:20 | ...::nested3 | my2/nested2.rs:1:1:11:1 | mod nested3 |
| my2/mod.rs:5:5:5:29 | ...::nested4 | my2/nested2.rs:2:5:10:5 | mod nested4 |
| my2/mod.rs:5:5:5:32 | ...::f | my2/nested2.rs:3:9:5:9 | fn f |
| my.rs:3:5:3:10 | nested | my.rs:1:1:1:15 | mod nested |
| my/nested.rs:9:13:9:13 | f | my/nested.rs:3:9:5:9 | fn f |
| my/nested.rs:15:9:15:15 | nested2 | my/nested.rs:2:5:11:5 | mod nested2 |
| my/nested.rs:15:9:15:18 | ...::f | my/nested.rs:3:9:5:9 | fn f |
| my/nested.rs:21:5:21:11 | nested1 | my/nested.rs:1:1:17:1 | mod nested1 |
| my/nested.rs:21:5:21:20 | ...::nested2 | my/nested.rs:2:5:11:5 | mod nested2 |
| my/nested.rs:21:5:21:23 | ...::f | my/nested.rs:3:9:5:9 | fn f |
